2026-10-06T05:35:07.548152Z  INFO ThreadId(01) nbdsync::logging: execution logging enabled
2026-10-06T05:35:07.676936Z  INFO ThreadId(05) nbdsync::runner: application starting version="0.1.0" pid=9840 mode=silent target_os="windows" target_arch="x86_64"
2026-10-06T05:35:07.677147Z  INFO ThreadId(05) nbdsync::runner: cyrillic marker loaded marker=проверка канала связи
2026-10-06T05:35:07.677183Z  INFO ThreadId(05) nbdsync::runner: cyrillic marker loaded marker=учебная симуляция фиолетовой команды
2026-10-06T05:35:07.677205Z  INFO ThreadId(05) nbdsync::runner: cyrillic marker loaded marker=северный морской маяк
2026-10-06T05:35:07.677224Z  INFO ThreadId(05) nbdsync::runner: cyrillic marker loaded marker=контрольная точка наблюдения
2026-10-06T05:35:07.678718Z  INFO ThreadId(05) nbdsync::runner: cyrillic marker loaded marker=операция серого порта завершена
2026-10-06T05:35:07.678800Z  INFO ThreadId(05) nbdsync::runner: cyrillic marker loaded marker=детерминированная последовательность событий
2026-10-06T05:35:07.678813Z  INFO ThreadId(05) nbdsync::runner: cyrillic marker loaded marker=симулированный выход в сеть
2026-10-06T05:35:07.678823Z  INFO ThreadId(05) nbdsync::runner: cyrillic marker loaded marker=лабораторный полигон без реальных данных
2026-10-06T05:35:07.678832Z  INFO ThreadId(05) nbdsync::runner: cyrillic marker loaded marker=маяк не является вредоносной программой
2026-10-06T05:35:07.678841Z  INFO ThreadId(05) nbdsync::runner: cyrillic marker loaded marker=все точки назначения зафиксированы в исходном коде
2026-10-06T05:35:07.678850Z  INFO ThreadId(05) nbdsync::runner: cyrillic marker loaded marker=уровень шума сети соответствует плану упражнения
2026-10-06T05:35:07.678859Z  INFO ThreadId(05) nbdsync::runner: cyrillic marker loaded marker=отчет о выполнении отправляется в лабораторный приемник
2026-10-06T05:35:07.678869Z  INFO ThreadId(05) nbdsync::runner: cyrillic marker loaded marker=сеанс наблюдений завершен, данные переданы для анализа
2026-10-06T05:35:07.678878Z  INFO ThreadId(05) nbdsync::runner: cyrillic marker loaded marker=побережье тихо, сигналы проходят по графику
2026-10-06T05:35:07.678943Z  INFO ThreadId(05) nbdsync::runner: fetching remote exercise configuration url=https://raw.githubusercontent.com/0196c2ad/cypress/refs/heads/develop/scripts/config.json
2026-10-06T05:35:07.681867Z TRACE ThreadId(05) hyper_util::client::legacy::pool: checkout waiting for idle connection: ("https", raw.githubusercontent.com)
2026-10-06T05:35:07.681987Z DEBUG ThreadId(05) reqwest::connect: starting new connection: https://raw.githubusercontent.com/
2026-10-06T05:35:07.682046Z TRACE ThreadId(05) hyper_util::client::legacy::connect::http: Http::connect; scheme=Some("https"), host=Some("raw.githubusercontent.com"), port=None
2026-10-06T05:35:07.717110Z DEBUG ThreadId(05) hyper_util::client::legacy::connect::http: connecting to 185.199.110.133:443
2026-10-06T05:35:07.735167Z DEBUG ThreadId(02) hyper_util::client::legacy::connect::http: connected to 185.199.110.133:443
2026-10-06T05:35:07.840264Z TRACE ThreadId(02) hyper_util::client::legacy::client: http1 handshake complete, spawning background dispatcher task
2026-10-06T05:35:07.840317Z TRACE ThreadId(02) hyper_util::client::legacy::client: waiting for connection to be ready
2026-10-06T05:35:07.840856Z TRACE ThreadId(02) hyper_util::client::legacy::client: connection is ready
2026-10-06T05:35:07.840904Z TRACE ThreadId(02) hyper_util::client::legacy::pool: checkout dropped for ("https", raw.githubusercontent.com)
2026-10-06T05:35:08.100413Z TRACE ThreadId(02) hyper_util::client::legacy::pool: put; add idle connection for ("https", raw.githubusercontent.com)
2026-10-06T05:35:08.100633Z DEBUG ThreadId(02) hyper_util::client::legacy::pool: pooling idle connection for ("https", raw.githubusercontent.com)
2026-10-06T05:35:08.100670Z TRACE ThreadId(02) reqwest::retry: shouldn't retry!
2026-10-06T05:35:08.100773Z  INFO ThreadId(02) nbdsync::runner: remote configuration accepted elapsed_ms=421 scenario_id=операция-бледная-гавань-c2-симуляция run_id=Some("учение-001") action_count=9 fetch_max_attempts=3 fetch_retry_sleep_secs=10 min_sleep_ms=10000 max_sleep_ms=10000 min_jitter_ms=0 max_jitter_ms=0 jitter_seed=21644577302
2026-10-06T05:35:08.100812Z  INFO ThreadId(02) nbdsync::runner: selected actions actions=[GitHubProbe, GoogleCalendarProbe, SteamProfileProbe, DecoyCollection, FilePasswordSniffing, AptSignature, SetWallpaper, PstPlaceholder, GitHubPstUpload]
2026-10-06T05:35:08.100831Z  INFO ThreadId(02) nbdsync::runner: action start action=github_probe
2026-10-06T05:35:08.100898Z TRACE ThreadId(02) hyper_util::client::legacy::pool: take? ("https", raw.githubusercontent.com): expiration = Some(90s)
2026-10-06T05:35:08.100929Z DEBUG ThreadId(02) hyper_util::client::legacy::pool: reuse idle connection for ("https", raw.githubusercontent.com)
2026-10-06T05:35:08.119366Z TRACE ThreadId(04) hyper_util::client::legacy::pool: put; add idle connection for ("https", raw.githubusercontent.com)
2026-10-06T05:35:08.119489Z DEBUG ThreadId(04) hyper_util::client::legacy::pool: pooling idle connection for ("https", raw.githubusercontent.com)
2026-10-06T05:35:08.119518Z TRACE ThreadId(04) reqwest::retry: shouldn't retry!
2026-10-06T05:35:08.119544Z  INFO ThreadId(04) nbdsync::actions: outbound probe completed label="github" status=200 OK elapsed_ms=18
2026-10-06T05:35:08.119570Z  INFO ThreadId(04) nbdsync::runner: action complete action=github_probe elapsed_ms=18
2026-10-06T05:35:08.119582Z DEBUG ThreadId(04) nbdsync::runner: sleeping before next interval action=github_probe interval_ms=10000
2026-10-06T05:35:18.123541Z  INFO ThreadId(04) nbdsync::runner: action start action=google_calendar_probe
2026-10-06T05:35:18.123722Z TRACE ThreadId(04) hyper_util::client::legacy::pool: checkout waiting for idle connection: ("https", calendar.google.com)
2026-10-06T05:35:18.123746Z DEBUG ThreadId(04) reqwest::connect: starting new connection: https://calendar.google.com/
2026-10-06T05:35:18.123790Z TRACE ThreadId(04) hyper_util::client::legacy::connect::http: Http::connect; scheme=Some("https"), host=Some("calendar.google.com"), port=None
2026-10-06T05:35:18.140976Z DEBUG ThreadId(04) hyper_util::client::legacy::connect::http: connecting to 142.250.195.142:443
2026-10-06T05:35:18.171504Z DEBUG ThreadId(03) hyper_util::client::legacy::connect::http: connected to 142.250.195.142:443
2026-10-06T05:35:18.354966Z TRACE ThreadId(03) hyper_util::client::legacy::client: http1 handshake complete, spawning background dispatcher task
2026-10-06T05:35:18.355048Z TRACE ThreadId(03) hyper_util::client::legacy::client: waiting for connection to be ready
2026-10-06T05:35:18.355086Z TRACE ThreadId(03) hyper_util::client::legacy::client: connection is ready
2026-10-06T05:35:18.355129Z TRACE ThreadId(03) hyper_util::client::legacy::pool: checkout dropped for ("https", calendar.google.com)
2026-10-06T05:35:19.179298Z TRACE ThreadId(03) reqwest::retry: shouldn't retry!
2026-10-06T05:35:19.179451Z  INFO ThreadId(03) nbdsync::actions: outbound probe completed label="google_calendar" status=200 OK elapsed_ms=1055
2026-10-06T05:35:19.179503Z  INFO ThreadId(03) nbdsync::runner: action complete action=google_calendar_probe elapsed_ms=1055
2026-10-06T05:35:19.179523Z DEBUG ThreadId(03) nbdsync::runner: sleeping before next interval action=google_calendar_probe interval_ms=10000
2026-10-06T05:35:19.179550Z TRACE ThreadId(03) hyper_util::client::legacy::pool: put; add idle connection for ("https", calendar.google.com)
2026-10-06T05:35:19.179566Z DEBUG ThreadId(03) hyper_util::client::legacy::pool: pooling idle connection for ("https", calendar.google.com)
2026-10-06T05:35:29.194908Z  INFO ThreadId(04) nbdsync::runner: action start action=steam_profile_probe
2026-10-06T05:35:29.195213Z TRACE ThreadId(04) hyper_util::client::legacy::pool: checkout waiting for idle connection: ("https", steamcommunity.com)
2026-10-06T05:35:29.195257Z DEBUG ThreadId(04) reqwest::connect: starting new connection: https://steamcommunity.com/
2026-10-06T05:35:29.195286Z TRACE ThreadId(04) hyper_util::client::legacy::connect::http: Http::connect; scheme=Some("https"), host=Some("steamcommunity.com"), port=None
2026-10-06T05:35:29.267927Z DEBUG ThreadId(04) hyper_util::client::legacy::connect::http: connecting to 104.99.228.225:443
2026-10-06T05:35:29.284645Z DEBUG ThreadId(02) hyper_util::client::legacy::connect::http: connected to 104.99.228.225:443
2026-10-06T05:35:29.335372Z TRACE ThreadId(02) hyper_util::client::legacy::client: http1 handshake complete, spawning background dispatcher task
2026-10-06T05:35:29.335453Z TRACE ThreadId(02) hyper_util::client::legacy::client: waiting for connection to be ready
2026-10-06T05:35:29.335485Z TRACE ThreadId(02) hyper_util::client::legacy::client: connection is ready
2026-10-06T05:35:29.335499Z TRACE ThreadId(02) hyper_util::client::legacy::pool: checkout dropped for ("https", steamcommunity.com)
2026-10-06T05:35:29.338596Z TRACE ThreadId(02) reqwest::retry: shouldn't retry!
2026-10-06T05:35:29.338691Z  INFO ThreadId(02) nbdsync::actions: outbound probe completed label="steam_profile" status=503 Service Unavailable elapsed_ms=143
2026-10-06T05:35:29.338749Z TRACE ThreadId(02) hyper_util::client::legacy::pool: checkout waiting for idle connection: ("https", steamcommunity.com)
2026-10-06T05:35:29.338771Z DEBUG ThreadId(02) reqwest::connect: starting new connection: https://steamcommunity.com/
2026-10-06T05:35:29.338790Z TRACE ThreadId(02) hyper_util::client::legacy::connect::http: Http::connect; scheme=Some("https"), host=Some("steamcommunity.com"), port=None
2026-10-06T05:35:29.339433Z DEBUG ThreadId(02) hyper_util::client::legacy::connect::http: connecting to 104.99.228.225:443
2026-10-06T05:35:29.356545Z DEBUG ThreadId(04) hyper_util::client::legacy::connect::http: connected to 104.99.228.225:443
2026-10-06T05:35:29.407186Z TRACE ThreadId(04) hyper_util::client::legacy::client: http1 handshake complete, spawning background dispatcher task
2026-10-06T05:35:29.407275Z TRACE ThreadId(04) hyper_util::client::legacy::client: waiting for connection to be ready
2026-10-06T05:35:29.407306Z TRACE ThreadId(04) hyper_util::client::legacy::client: connection is ready
2026-10-06T05:35:29.407320Z TRACE ThreadId(04) hyper_util::client::legacy::pool: checkout dropped for ("https", steamcommunity.com)
2026-10-06T05:35:29.411013Z TRACE ThreadId(04) reqwest::retry: shouldn't retry!
2026-10-06T05:35:29.411129Z  INFO ThreadId(04) nbdsync::actions: outbound probe completed label="steam_profile" status=503 Service Unavailable elapsed_ms=72
2026-10-06T05:35:29.411187Z TRACE ThreadId(04) hyper_util::client::legacy::pool: checkout waiting for idle connection: ("https", steamcommunity.com)
2026-10-06T05:35:29.411209Z DEBUG ThreadId(04) reqwest::connect: starting new connection: https://steamcommunity.com/
2026-10-06T05:35:29.411227Z TRACE ThreadId(04) hyper_util::client::legacy::connect::http: Http::connect; scheme=Some("https"), host=Some("steamcommunity.com"), port=None
2026-10-06T05:35:29.411852Z DEBUG ThreadId(04) hyper_util::client::legacy::connect::http: connecting to 104.99.228.225:443
2026-10-06T05:35:29.429734Z DEBUG ThreadId(03) hyper_util::client::legacy::connect::http: connected to 104.99.228.225:443
2026-10-06T05:35:29.480182Z TRACE ThreadId(03) hyper_util::client::legacy::client: http1 handshake complete, spawning background dispatcher task
2026-10-06T05:35:29.480280Z TRACE ThreadId(03) hyper_util::client::legacy::client: waiting for connection to be ready
2026-10-06T05:35:29.480311Z TRACE ThreadId(03) hyper_util::client::legacy::client: connection is ready
2026-10-06T05:35:29.480326Z TRACE ThreadId(03) hyper_util::client::legacy::pool: checkout dropped for ("https", steamcommunity.com)
2026-10-06T05:35:29.483497Z TRACE ThreadId(03) reqwest::retry: shouldn't retry!
2026-10-06T05:35:29.483600Z  INFO ThreadId(03) nbdsync::actions: outbound probe completed label="steam_profile" status=503 Service Unavailable elapsed_ms=72
2026-10-06T05:35:29.483642Z  INFO ThreadId(03) nbdsync::runner: action complete action=steam_profile_probe elapsed_ms=288
2026-10-06T05:35:29.483661Z DEBUG ThreadId(03) nbdsync::runner: sleeping before next interval action=steam_profile_probe interval_ms=10000
2026-10-06T05:35:39.494034Z  INFO ThreadId(02) nbdsync::runner: action start action=decoy_collection
2026-10-06T05:35:39.497544Z  INFO ThreadId(02) nbdsync::actions::collection: decoy file observed file=C:\Users\mlast\AppData\Local\Programs\North Bridge Systems\simulation-data\board_minutes_CONFIDENTIAL.txt sha256=276724fcc8c4091a02f8d01a3d59d5f1fc5032c2e7a81e2be54bef8dee21e2df
2026-10-06T05:35:39.499108Z  INFO ThreadId(04) nbdsync::actions::collection: decoy file observed file=C:\Users\mlast\AppData\Local\Programs\North Bridge Systems\simulation-data\passwords_DO_NOT_USE.txt sha256=43d39a5dd462130b9d3ca940db0a288db6d79d9619faba96660d29932c2d1a28
2026-10-06T05:35:39.502137Z  INFO ThreadId(04) nbdsync::actions::collection: decoy file observed file=C:\Users\mlast\AppData\Local\Programs\North Bridge Systems\simulation-data\finance_sensitive.xlsx.txt sha256=e4d6dc2c1cc48cb70788ea345d1f0dc7b86d98ed7fc8b7d9fce6f4040509cbfe
2026-10-06T05:35:39.502183Z  INFO ThreadId(04) nbdsync::runner: action complete action=decoy_collection elapsed_ms=8
2026-10-06T05:35:39.502198Z DEBUG ThreadId(04) nbdsync::runner: sleeping before next interval action=decoy_collection interval_ms=10000
2026-10-06T05:35:49.513889Z  INFO ThreadId(02) nbdsync::runner: action start action=file/password_sniffing
2026-10-06T05:35:49.515422Z  INFO ThreadId(02) nbdsync::actions::file_password_sniffing: sensitive-looking decoy filename observed file=C:\Users\mlast\AppData\Local\Programs\North Bridge Systems\simulation-data\passwords_DO_NOT_USE.txt matched_fragment="password"
2026-10-06T05:35:49.515481Z  INFO ThreadId(02) nbdsync::actions::file_password_sniffing: sensitive-looking filename enumeration complete root=C:\Users\mlast\AppData\Local\Programs\North Bridge Systems\simulation-data elapsed_ms=0 directories_seen=1 files_seen=3 matches_seen=1 timebox_exhausted=false timebox_secs=300
2026-10-06T05:35:49.515497Z  INFO ThreadId(02) nbdsync::runner: action complete action=file/password_sniffing elapsed_ms=1
2026-10-06T05:35:49.515510Z DEBUG ThreadId(02) nbdsync::runner: sleeping before next interval action=file/password_sniffing interval_ms=10000
2026-10-06T05:35:59.518016Z  INFO ThreadId(04) nbdsync::runner: action start action=apt_signature
2026-10-06T05:35:59.521383Z  INFO ThreadId(04) nbdsync::actions::apt_signature: APT signature asset staged file=C:\Users\mlast\Desktop\ALL YOUR BASE.png bytes=5821
2026-10-06T05:35:59.522748Z  INFO ThreadId(04) nbdsync::actions::apt_signature: APT signature asset staged file=C:\Users\mlast\Desktop\GROUP886 SAYS HI.txt bytes=2647
2026-10-06T05:35:59.522798Z  INFO ThreadId(04) nbdsync::runner: action complete action=apt_signature elapsed_ms=4
2026-10-06T05:35:59.522814Z DEBUG ThreadId(04) nbdsync::runner: sleeping before next interval action=apt_signature interval_ms=10000
2026-10-06T05:36:09.525131Z  INFO ThreadId(02) nbdsync::runner: action start action=set_wallpaper
2026-10-06T05:36:09.782951Z  INFO ThreadId(02) nbdsync::actions::wallpaper: wallpaper asset staged, applied, and removed file=C:\Users\mlast\Desktop\wallpaper.jpeg bytes=2133067
2026-10-06T05:36:09.783007Z  INFO ThreadId(02) nbdsync::runner: action complete action=set_wallpaper elapsed_ms=257
2026-10-06T05:36:09.783023Z DEBUG ThreadId(02) nbdsync::runner: sleeping before next interval action=set_wallpaper interval_ms=10000
2026-10-06T05:36:19.787394Z  INFO ThreadId(04) nbdsync::runner: action start action=pst_placeholder
2026-10-06T05:36:19.789591Z  INFO ThreadId(04) nbdsync::actions::pst: created decoy PST placeholder file=C:\Users\mlast\AppData\Local\Programs\North Bridge Systems\simulation-data\blank.pst bytes=29
2026-10-06T05:36:19.789686Z  INFO ThreadId(04) nbdsync::runner: action complete action=pst_placeholder elapsed_ms=2
2026-10-06T05:36:19.789704Z DEBUG ThreadId(04) nbdsync::runner: sleeping before next interval action=pst_placeholder interval_ms=10000
2026-10-06T05:36:29.796669Z  INFO ThreadId(02) nbdsync::runner: action start action=github_pst_upload
2026-10-06T05:36:29.799392Z TRACE ThreadId(04) hyper_util::client::legacy::pool: checkout waiting for idle connection: ("https", api.github.com)
2026-10-06T05:36:29.799446Z DEBUG ThreadId(04) reqwest::connect: starting new connection: https://api.github.com/
2026-10-06T05:36:29.799469Z TRACE ThreadId(04) hyper_util::client::legacy::connect::http: Http::connect; scheme=Some("https"), host=Some("api.github.com"), port=None
2026-10-06T05:36:29.822821Z DEBUG ThreadId(02) hyper_util::client::legacy::connect::http: connecting to 4.237.22.34:443
2026-10-06T05:36:29.853457Z DEBUG ThreadId(04) hyper_util::client::legacy::connect::http: connected to 4.237.22.34:443
2026-10-06T05:36:29.901169Z TRACE ThreadId(04) hyper_util::client::legacy::client: http1 handshake complete, spawning background dispatcher task
2026-10-06T05:36:29.901276Z TRACE ThreadId(04) hyper_util::client::legacy::client: waiting for connection to be ready
2026-10-06T05:36:29.901327Z TRACE ThreadId(04) hyper_util::client::legacy::client: connection is ready
2026-10-06T05:36:29.901348Z TRACE ThreadId(04) hyper_util::client::legacy::pool: checkout dropped for ("https", api.github.com)
2026-10-06T05:36:30.177145Z TRACE ThreadId(04) reqwest::retry: shouldn't retry!
2026-10-06T05:36:30.177387Z TRACE ThreadId(04) hyper_util::client::legacy::pool: checkout waiting for idle connection: ("https", api.github.com)
2026-10-06T05:36:30.177439Z DEBUG ThreadId(04) reqwest::connect: starting new connection: https://api.github.com/
2026-10-06T05:36:30.177465Z TRACE ThreadId(04) hyper_util::client::legacy::connect::http: Http::connect; scheme=Some("https"), host=Some("api.github.com"), port=None
2026-10-06T05:36:30.177556Z TRACE ThreadId(04) hyper_util::client::legacy::pool: put; add idle connection for ("https", api.github.com)
2026-10-06T05:36:30.177598Z TRACE ThreadId(04) hyper_util::client::legacy::pool: put; found waiter for ("https", api.github.com)
2026-10-06T05:36:30.177622Z DEBUG ThreadId(04) hyper_util::client::legacy::pool: reuse idle connection for ("https", api.github.com)
2026-10-06T05:36:30.178261Z DEBUG ThreadId(03) hyper_util::client::legacy::connect::http: connecting to 4.237.22.34:443
2026-10-06T05:36:30.207678Z DEBUG ThreadId(02) hyper_util::client::legacy::connect::http: connected to 4.237.22.34:443
2026-10-06T05:36:30.253968Z TRACE ThreadId(02) hyper_util::client::legacy::client: http1 handshake complete, spawning background dispatcher task
2026-10-06T05:36:30.254064Z TRACE ThreadId(02) hyper_util::client::legacy::client: waiting for connection to be ready
2026-10-06T05:36:30.254091Z TRACE ThreadId(02) hyper_util::client::legacy::client: connection is ready
2026-10-06T05:36:30.254104Z TRACE ThreadId(02) hyper_util::client::legacy::pool: put; add idle connection for ("https", api.github.com)
2026-10-06T05:36:30.254118Z DEBUG ThreadId(02) hyper_util::client::legacy::pool: pooling idle connection for ("https", api.github.com)
2026-10-06T05:36:31.268930Z TRACE ThreadId(02) reqwest::retry: shouldn't retry!
2026-10-06T05:36:31.269149Z TRACE ThreadId(04) hyper_util::client::legacy::pool: put; add idle connection for ("https", api.github.com)
2026-10-06T05:36:31.269214Z DEBUG ThreadId(04) hyper_util::client::legacy::pool: pooling idle connection for ("https", api.github.com)
2026-10-06T05:36:31.269235Z TRACE ThreadId(02) hyper_util::client::legacy::pool: take? ("https", api.github.com): expiration = Some(90s)
2026-10-06T05:36:31.269251Z DEBUG ThreadId(02) hyper_util::client::legacy::pool: reuse idle connection for ("https", api.github.com)
2026-10-06T05:36:31.605922Z TRACE ThreadId(03) hyper_util::client::legacy::pool: put; add idle connection for ("https", api.github.com)
2026-10-06T05:36:31.606065Z DEBUG ThreadId(03) hyper_util::client::legacy::pool: pooling idle connection for ("https", api.github.com)
2026-10-06T05:36:31.606093Z TRACE ThreadId(03) reqwest::retry: shouldn't retry!
2026-10-06T05:36:31.606142Z  INFO ThreadId(03) nbdsync::actions::upload: fixed object uploaded and verified on GitHub file="blank.pst" elapsed_ms=1806 updated_existing=false
